DELL@DESKTOP-SFE32TQ MINGW64 /f/Learning_Git (master)
$ git status
On branch master
Your branch is up to date with 'origin/master'.

Untracked files:
  (use "git add <file>..." to include in what will be committed)

        index.html

nothing added to commit but untracked files present (use "git add" to track)

DELL@DESKTOP-SFE32TQ MINGW64 /f/Learning_Git (master)
$ git status
On branch master
Your branch is up to date with 'origin/master'.

Untracked files:
  (use "git add <file>..." to include in what will be committed)

        index.html
        mushrifah/

nothing added to commit but untracked files present (use "git add" to track)

DELL@DESKTOP-SFE32TQ MINGW64 /f/Learning_Git (master)
$ git add .

DELL@DESKTOP-SFE32TQ MINGW64 /f/Learning_Git (master)
$ git commit -m "initial commit"

*** Please tell me who you are.

Run

  git config --global user.email "you@example.com"
  git config --global user.name "Your Name"

to set your account's default identity.
Omit --global to set the identity only in this repository.

fatal: unable to auto-detect email address (got 'DELL@DESKTOP-SFE32TQ.(none)')

DELL@DESKTOP-SFE32TQ MINGW64 /f/Learning_Git (master)
$ git commit -m "initial commit"

*** Please tell me who you are.

Run

  git config --global user.email "you@example.com"
  git config --global user.name "Your Name"

to set your account's default identity.
Omit --global to set the identity only in this repository.

fatal: unable to auto-detect email address (got 'DELL@DESKTOP-SFE32TQ.(none)')

DELL@DESKTOP-SFE32TQ MINGW64 /f/Learning_Git (master)
$ git config --global user.email "khananam603@gmail.com"

DELL@DESKTOP-SFE32TQ MINGW64 /f/Learning_Git (master)
$ git config --global user.name "anamkhan603"

DELL@DESKTOP-SFE32TQ MINGW64 /f/Learning_Git (master)
$ git push
Logon failed, use ctrl+c to cancel basic credential prompt.
Username for 'https://github.com': anamkhan603
remote: Invalid username or password.
fatal: Authentication failed for 'https://github.com/anamkhan603/Learning_Git.git/'

DELL@DESKTOP-SFE32TQ MINGW64 /f/Learning_Git (master)
$ git push


DELL@DESKTOP-SFE32TQ MINGW64 /f/Learning_Git (master)
$ git push
Logon failed, use ctrl+c to cancel basic credential prompt.
Username for 'https://github.com': anamkhan603
Everything up-to-date

DELL@DESKTOP-SFE32TQ MINGW64 /f/Learning_Git (master)
$ git status
On branch master
Your branch is up to date with 'origin/master'.

Changes to be committed:
  (use "git reset HEAD <file>..." to unstage)

        new file:   index.html
        new file:   mushrifah/New Text Document.txt

Changes not staged for commit:
  (use "git add <file>..." to update what will be committed)
  (use "git checkout -- <file>..." to discard changes in working directory)

        modified:   index.html


DELL@DESKTOP-SFE32TQ MINGW64 /f/Learning_Git (master)
$ git add index.html

DELL@DESKTOP-SFE32TQ MINGW64 /f/Learning_Git (master)
$ git commit -m "test"
[master 894d687] test
 2 files changed, 1 insertion(+)
 create mode 100644 index.html
 create mode 100644 mushrifah/New Text Document.txt

DELL@DESKTOP-SFE32TQ MINGW64 /f/Learning_Git (master)
$ git push
Enumerating objects: 6, done.
Counting objects: 100% (6/6), done.
Delta compression using up to 4 threads
Compressing objects: 100% (2/2), done.
Writing objects: 100% (5/5), 445 bytes | 111.00 KiB/s, done.
Total 5 (delta 0), reused 0 (delta 0)
To https://github.com/anamkhan603/Learning_Git.git
   42d96e8..894d687  master -> master

DELL@DESKTOP-SFE32TQ MINGW64 /f/Learning_Git (master)
$ git checkout -b new
Switched to a new branch 'new'

DELL@DESKTOP-SFE32TQ MINGW64 /f/Learning_Git (new)
$ git branch
  master
* new

DELL@DESKTOP-SFE32TQ MINGW64 /f/Learning_Git (new)
$ touch test.py

DELL@DESKTOP-SFE32TQ MINGW64 /f/Learning_Git (new)
$ subl test.py
bash: subl: command not found

DELL@DESKTOP-SFE32TQ MINGW64 /f/Learning_Git (new)
$ git status
On branch new
Untracked files:
  (use "git add <file>..." to include in what will be committed)

        test.py

nothing added to commit but untracked files present (use "git add" to track)

DELL@DESKTOP-SFE32TQ MINGW64 /f/Learning_Git (new)
$ git add test.py

DELL@DESKTOP-SFE32TQ MINGW64 /f/Learning_Git (new)
$ git checkout master
Switched to branch 'master'
A       test.py
Your branch is up to date with 'origin/master'.

DELL@DESKTOP-SFE32TQ MINGW64 /f/Learning_Git (master)
$ git status
On branch master
Your branch is up to date with 'origin/master'.

Changes to be committed:
  (use "git reset HEAD <file>..." to unstage)

        new file:   test.py


DELL@DESKTOP-SFE32TQ MINGW64 /f/Learning_Git (master)
$ git checkout new
Switched to branch 'new'
A       test.py

DELL@DESKTOP-SFE32TQ MINGW64 /f/Learning_Git (new)
$ git commit -m "new file"
[new 165b0fd] new file
 1 file changed, 3 insertions(+)
 create mode 100644 test.py

DELL@DESKTOP-SFE32TQ MINGW64 /f/Learning_Git (new)
$ git push origin new
Enumerating objects: 4, done.
Counting objects: 100% (4/4), done.
Delta compression using up to 4 threads
Compressing objects: 100% (2/2), done.
Writing objects: 100% (3/3), 288 bytes | 144.00 KiB/s, done.
Total 3 (delta 1), reused 0 (delta 0)
remote: Resolving deltas: 100% (1/1), completed with 1 local object.
remote:
remote: Create a pull request for 'new' on GitHub by visiting:
remote:      https://github.com/anamkhan603/Learning_Git/pull/new/new
remote:
To https://github.com/anamkhan603/Learning_Git.git
 * [new branch]      new -> new

DELL@DESKTOP-SFE32TQ MINGW64 /f/Learning_Git (new)
$ git merge master
Already up to date.

DELL@DESKTOP-SFE32TQ MINGW64 /f/Learning_Git (new)
$ git checkout master
Switched to branch 'master'
Your branch is up to date with 'origin/master'.

DELL@DESKTOP-SFE32TQ MINGW64 /f/Learning_Git (master)
$ git merge
Already up to date.

DELL@DESKTOP-SFE32TQ MINGW64 /f/Learning_Git (master)
$ git merge new
Updating 894d687..165b0fd
Fast-forward
 test.py | 3 +++
 1 file changed, 3 insertions(+)
 create mode 100644 test.py

DELL@DESKTOP-SFE32TQ MINGW64 /f/Learning_Git (master)
$ git status
On branch master
Your branch is ahead of 'origin/master' by 1 commit.
  (use "git push" to publish your local commits)

nothing to commit, working tree clean

DELL@DESKTOP-SFE32TQ MINGW64 /f/Learning_Git (master)
$ touch new.py

DELL@DESKTOP-SFE32TQ MINGW64 /f/Learning_Git (master)
$ git status
On branch master
Your branch is ahead of 'origin/master' by 1 commit.
  (use "git push" to publish your local commits)

Untracked files:
  (use "git add <file>..." to include in what will be committed)

        new.py

nothing added to commit but untracked files present (use "git add" to track)

DELL@DESKTOP-SFE32TQ MINGW64 /f/Learning_Git (master)
$ git checkout new
Switched to branch 'new'

DELL@DESKTOP-SFE32TQ MINGW64 /f/Learning_Git (new)
$ git status
On branch new
Untracked files:
  (use "git add <file>..." to include in what will be committed)

        new.py

nothing added to commit but untracked files present (use "git add" to track)

DELL@DESKTOP-SFE32TQ MINGW64 /f/Learning_Git (new)
$ git checkout master
Switched to branch 'master'
Your branch is ahead of 'origin/master' by 1 commit.
  (use "git push" to publish your local commits)

DELL@DESKTOP-SFE32TQ MINGW64 /f/Learning_Git (master)
$ git status
On branch master
Your branch is ahead of 'origin/master' by 1 commit.
  (use "git push" to publish your local commits)

Untracked files:
  (use "git add <file>..." to include in what will be committed)

        new.py

nothing added to commit but untracked files present (use "git add" to track)

DELL@DESKTOP-SFE32TQ MINGW64 /f/Learning_Git (master)
$ git push
Total 0 (delta 0), reused 0 (delta 0)
To https://github.com/anamkhan603/Learning_Git.git
   894d687..165b0fd  master -> master

DELL@DESKTOP-SFE32TQ MINGW64 /f/Learning_Git (master)
$ git add .

DELL@DESKTOP-SFE32TQ MINGW64 /f/Learning_Git (master)
$ git commit -m "test"
[master 94e5604] test
 1 file changed, 1 insertion(+)
 create mode 100644 new.py

DELL@DESKTOP-SFE32TQ MINGW64 /f/Learning_Git (master)
$ git push origin new
Everything up-to-date

DELL@DESKTOP-SFE32TQ MINGW64 /f/Learning_Git (master)
$ git checkout new
Switched to branch 'new'

DELL@DESKTOP-SFE32TQ MINGW64 /f/Learning_Git (new)
$ git status
On branch new
nothing to commit, working tree clean

DELL@DESKTOP-SFE32TQ MINGW64 /f/Learning_Git (new)
$ git checkout master
Switched to branch 'master'
Your branch is ahead of 'origin/master' by 1 commit.
  (use "git push" to publish your local commits)

DELL@DESKTOP-SFE32TQ MINGW64 /f/Learning_Git (master)
$ git push
Enumerating objects: 4, done.
Counting objects: 100% (4/4), done.
Delta compression using up to 4 threads
Compressing objects: 100% (2/2), done.
Writing objects: 100% (3/3), 275 bytes | 91.00 KiB/s, done.
Total 3 (delta 1), reused 0 (delta 0)
remote: Resolving deltas: 100% (1/1), completed with 1 local object.
To https://github.com/anamkhan603/Learning_Git.git
   165b0fd..94e5604  master -> master

DELL@DESKTOP-SFE32TQ MINGW64 /f/Learning_Git (master)
$ git checkout new
Switched to branch 'new'

DELL@DESKTOP-SFE32TQ MINGW64 /f/Learning_Git (new)
$ git merge master
Updating 165b0fd..94e5604
Fast-forward
 new.py | 1 +
 1 file changed, 1 insertion(+)
 create mode 100644 new.py

DELL@DESKTOP-SFE32TQ MINGW64 /f/Learning_Git (new)
$ git push
fatal: The current branch new has no upstream branch.
To push the current branch and set the remote as upstream, use

    git push --set-upstream origin new


DELL@DESKTOP-SFE32TQ MINGW64 /f/Learning_Git (new)
$ git push origin new
Total 0 (delta 0), reused 0 (delta 0)
To https://github.com/anamkhan603/Learning_Git.git
   165b0fd..94e5604  new -> new

DELL@DESKTOP-SFE32TQ MINGW64 /f/Learning_Git (new)
$ git checkout master
Switched to branch 'master'
M       new.py
Your branch is up to date with 'origin/master'.

DELL@DESKTOP-SFE32TQ MINGW64 /f/Learning_Git (master)
$ git status
On branch master
Your branch is up to date with 'origin/master'.

Changes not staged for commit:
  (use "git add <file>..." to update what will be committed)
  (use "git checkout -- <file>..." to discard changes in working directory)

        modified:   new.py

no changes added to commit (use "git add" and/or "git commit -a")

DELL@DESKTOP-SFE32TQ MINGW64 /f/Learning_Git (master)
$ git diff -- new.py
diff --git a/new.py b/new.py
index 02bb817..7921047 100644
--- a/new.py
+++ b/new.py
@@ -1 +1,3 @@
-print("Hello there")
\ No newline at end of file
+print("Hello there")
+
+anam here
\ No newline at end of file

DELL@DESKTOP-SFE32TQ MINGW64 /f/Learning_Git (master)
$ git diff new.py
diff --git a/new.py b/new.py
index 02bb817..7921047 100644
--- a/new.py
+++ b/new.py
@@ -1 +1,3 @@
-print("Hello there")
\ No newline at end of file
+print("Hello there")
+
+anam here
\ No newline at end of file

DELL@DESKTOP-SFE32TQ MINGW64 /f/Learning_Git (master)
$ git checkout -- new.py

DELL@DESKTOP-SFE32TQ MINGW64 /f/Learning_Git (master)
$ git checkout
M       new.py
Your branch is up to date with 'origin/master'.

DELL@DESKTOP-SFE32TQ MINGW64 /f/Learning_Git (master)
$ git checkout --
M       new.py
Your branch is up to date with 'origin/master'.

DELL@DESKTOP-SFE32TQ MINGW64 /f/Learning_Git (master)
$ git checkout -- .

DELL@DESKTOP-SFE32TQ MINGW64 /f/Learning_Git (master)
$ git checkout -- .

DELL@DESKTOP-SFE32TQ MINGW64 /f/Learning_Git (master)
$ git status
On branch master
Your branch is up to date with 'origin/master'.

Changes not staged for commit:
  (use "git add <file>..." to update what will be committed)
  (use "git checkout -- <file>..." to discard changes in working directory)

        modified:   test.py

no changes added to commit (use "git add" and/or "git commit -a")

DELL@DESKTOP-SFE32TQ MINGW64 /f/Learning_Git (master)
$ git add .

DELL@DESKTOP-SFE32TQ MINGW64 /f/Learning_Git (master)
$ git status
On branch master
Your branch is up to date with 'origin/master'.

Changes to be committed:
  (use "git reset HEAD <file>..." to unstage)

        modified:   test.py


DELL@DESKTOP-SFE32TQ MINGW64 /f/Learning_Git (master)
$ git stash
Saved working directory and index state WIP on master: 94e5604 test

DELL@DESKTOP-SFE32TQ MINGW64 /f/Learning_Git (master)
$ git status
On branch master
Your branch is up to date with 'origin/master'.

nothing to commit, working tree clean

DELL@DESKTOP-SFE32TQ MINGW64 /f/Learning_Git (master)
$ git status
On branch master
Your branch is up to date with 'origin/master'.

Changes not staged for commit:
  (use "git add <file>..." to update what will be committed)
  (use "git checkout -- <file>..." to discard changes in working directory)

        modified:   test.py

no changes added to commit (use "git add" and/or "git commit -a")

DELL@DESKTOP-SFE32TQ MINGW64 /f/Learning_Git (master)
$ git add .

DELL@DESKTOP-SFE32TQ MINGW64 /f/Learning_Git (master)
$ git commit -m "stash test"
[master 40763f8] stash test
 1 file changed, 3 insertions(+), 1 deletion(-)

DELL@DESKTOP-SFE32TQ MINGW64 /f/Learning_Git (master)
$ git status
On branch master
Your branch is ahead of 'origin/master' by 1 commit.
  (use "git push" to publish your local commits)

nothing to commit, working tree clean

DELL@DESKTOP-SFE32TQ MINGW64 /f/Learning_Git (master)
$ git stash
No local changes to save

DELL@DESKTOP-SFE32TQ MINGW64 /f/Learning_Git (master)
$ git reset

DELL@DESKTOP-SFE32TQ MINGW64 /f/Learning_Git (master)
$ git status
On branch master
Your branch is ahead of 'origin/master' by 1 commit.
  (use "git push" to publish your local commits)

nothing to commit, working tree clean

DELL@DESKTOP-SFE32TQ MINGW64 /f/Learning_Git (master)
$ git status --hard
error: unknown option `hard'
usage: git status [<options>] [--] <pathspec>...

    -v, --verbose         be verbose
    -s, --short           show status concisely
    -b, --branch          show branch information
    --show-stash          show stash information
    --ahead-behind        compute full ahead/behind values
    --porcelain[=<version>]
                          machine-readable output
    --long                show status in long format (default)
    -z, --null            terminate entries with NUL
    -u, --untracked-files[=<mode>]
                          show untracked files, optional modes: all, normal, no. (Default: all)
    --ignored[=<mode>]    show ignored files, optional modes: traditional, matching, no. (Default: traditional)
    --ignore-submodules[=<when>]
                          ignore changes to submodules, optional when: all, dirty, untracked. (Default: all)
    --column[=<style>]    list untracked files in columns
    --no-renames          do not detect renames
    -M, --find-renames[=<n>]
                          detect renames, optionally set similarity index
    --show-ignored-directory
                          (DEPRECATED: use --ignore=matching instead) Only show directories that match an ignore pattern name.
    --no-lock-index       (DEPRECATED: use `git --no-optional-locks status` instead) Do not lock the index


DELL@DESKTOP-SFE32TQ MINGW64 /f/Learning_Git (master)
$ git status --hard HEAD
error: unknown option `hard'
usage: git status [<options>] [--] <pathspec>...

    -v, --verbose         be verbose
    -s, --short           show status concisely
    -b, --branch          show branch information
    --show-stash          show stash information
    --ahead-behind        compute full ahead/behind values
    --porcelain[=<version>]
                          machine-readable output
    --long                show status in long format (default)
    -z, --null            terminate entries with NUL
    -u, --untracked-files[=<mode>]
                          show untracked files, optional modes: all, normal, no. (Default: all)
    --ignored[=<mode>]    show ignored files, optional modes: traditional, matching, no. (Default: traditional)
    --ignore-submodules[=<when>]
                          ignore changes to submodules, optional when: all, dirty, untracked. (Default: all)
    --column[=<style>]    list untracked files in columns
    --no-renames          do not detect renames
    -M, --find-renames[=<n>]
                          detect renames, optionally set similarity index
    --show-ignored-directory
                          (DEPRECATED: use --ignore=matching instead) Only show directories that match an ignore pattern name.
    --no-lock-index       (DEPRECATED: use `git --no-optional-locks status` instead) Do not lock the index


DELL@DESKTOP-SFE32TQ MINGW64 /f/Learning_Git (master)
$ git reset HEAD

DELL@DESKTOP-SFE32TQ MINGW64 /f/Learning_Git (master)
$ git status
On branch master
Your branch is ahead of 'origin/master' by 1 commit.
  (use "git push" to publish your local commits)

nothing to commit, working tree clean

DELL@DESKTOP-SFE32TQ MINGW64 /f/Learning_Git (master)
$ git checkout
Your branch is ahead of 'origin/master' by 1 commit.
  (use "git push" to publish your local commits)

DELL@DESKTOP-SFE32TQ MINGW64 /f/Learning_Git (master)
$ git checkout --
Your branch is ahead of 'origin/master' by 1 commit.
  (use "git push" to publish your local commits)

DELL@DESKTOP-SFE32TQ MINGW64 /f/Learning_Git (master)
$ git checkout -- master
error: pathspec 'master' did not match any file(s) known to git

DELL@DESKTOP-SFE32TQ MINGW64 /f/Learning_Git (master)
$ git checkout master
Already on 'master'
Your branch is ahead of 'origin/master' by 1 commit.
  (use "git push" to publish your local commits)

DELL@DESKTOP-SFE32TQ MINGW64 /f/Learning_Git (master)
$ git reset HEAD

DELL@DESKTOP-SFE32TQ MINGW64 /f/Learning_Git (master)
$ git status
On branch master
Your branch is ahead of 'origin/master' by 1 commit.
  (use "git push" to publish your local commits)

nothing to commit, working tree clean

DELL@DESKTOP-SFE32TQ MINGW64 /f/Learning_Git (master)
$ git stash
No local changes to save

DELL@DESKTOP-SFE32TQ MINGW64 /f/Learning_Git (master)
$ git checkout
Your branch is ahead of 'origin/master' by 1 commit.
  (use "git push" to publish your local commits)

DELL@DESKTOP-SFE32TQ MINGW64 /f/Learning_Git (master)
$ git checkout --
Your branch is ahead of 'origin/master' by 1 commit.
  (use "git push" to publish your local commits)

DELL@DESKTOP-SFE32TQ MINGW64 /f/Learning_Git (master)
$ git reset HEAD^
Unstaged changes after reset:
M       test.py

DELL@DESKTOP-SFE32TQ MINGW64 /f/Learning_Git (master)
$ git status
On branch master
Your branch is up to date with 'origin/master'.

Changes not staged for commit:
  (use "git add <file>..." to update what will be committed)
  (use "git checkout -- <file>..." to discard changes in working directory)

        modified:   test.py

no changes added to commit (use "git add" and/or "git commit -a")

DELL@DESKTOP-SFE32TQ MINGW64 /f/Learning_Git (master)
$ cd ..

DELL@DESKTOP-SFE32TQ MINGW64 /f
$ mkdir New

DELL@DESKTOP-SFE32TQ MINGW64 /f
$ ll
total 6962
drwxr-xr-x 1 DELL 197121       0 Jan  4 16:22 '$1Recycle.Bin'/
drwxr-xr-x 1 DELL 197121       0 Mar 25 21:11 '$RECYCLE.BIN'/
-rw-r--r-- 1 DELL 197121      40 Apr  7 10:15  30E4C93F39C1
drwxr-xr-x 1 DELL 197121       0 Apr  3 20:24  abstract/
drwxr-xr-x 1 DELL 197121       0 Apr  3 21:10  Adobe/
-rwxr-xr-x 1 DELL 197121    1418 Mar  8 14:41 'Adobe Creative Cloud.lnk'*
-rwxr-xr-x 1 DELL 197121    1968 Jul  5  2017 'Adobe Photoshop CS6.lnk'*
drwxr-xr-x 1 DELL 197121       0 Feb 23 09:23  Anam/
-rwxr-xr-x 1 DELL 197121     865 Jul  5  2017  CCleaner.lnk*
drwxr-xr-x 1 DELL 197121       0 Apr  3 20:23  Certificates/
drwxr-xr-x 1 DELL 197121       0 Apr  3 20:24  Chat/
drwxr-xr-x 1 DELL 197121       0 Apr  3 20:23 'CSI pics'/
-rw-r--r-- 1 DELL 197121    5842 Oct  1  2017  DECLARATION_OF_FAMILY_INCOME_AND_MINORITY_STATUS.pdf
drwxr-xr-x 1 DELL 197121       0 Apr  7 10:15  Downloads/
drwxr-xr-x 1 DELL 197121       0 Apr  7 08:54  DummyDir/
-rwxr-xr-x 1 DELL 197121    2200 Feb 27 10:52  Figma.lnk*
drwxr-xr-x 1 DELL 197121       0 Apr  8 07:31 'hack pdf'/
drwxr-xr-x 1 DELL 197121       0 Apr  4 07:10 'install ide'/
drwxr-xr-x 1 DELL 197121       0 Jan 27 19:51  IOT/
drwxr-xr-x 1 DELL 197121       0 Apr  3 21:05  Java/
-rwxr-xr-x 1 DELL 197121 6977272 Aug 10  2015 'KMSAuto Net.exe'*
drwxr-xr-x 1 DELL 197121       0 Apr 16 17:32  Learning_Git/
-rwxr-xr-x 1 DELL 197121     995 Jul  5  2017 'Mozilla Firefox.lnk'*
drwxr-xr-x 1 DELL 197121       0 Apr  4 07:13 'Ms~Office 2010'/
-rw-r--r-- 1 DELL 197121     123 Mar 30 11:13  netcut.url
drwxr-xr-x 1 DELL 197121       0 Apr 16 17:49  New/
drwxr-xr-x 1 DELL 197121       0 Dec 22 12:06 'NP DATA BACKUP'/
drwxr-xr-x 1 DELL 197121       0 Apr  3 20:22  posters/
drwxr-xr-x 1 DELL 197121       0 Apr  4 19:15 'Python Workshop Certificate'/
drwxr-xr-x 1 DELL 197121       0 Apr  3 20:23  reports/
drwxr-xr-x 1 DELL 197121       0 Apr  3 20:23 'Sorted Teams'/
drwxr-xr-x 1 DELL 197121       0 Mar 31 00:15 'System Volume Information'/
-rwxr-xr-x 1 DELL 197121    1106 Jul  5  2017 'TeamViewer 12.lnk'*
drwxr-xr-x 1 DELL 197121       0 Apr 13 14:58  tmp/
drwxr-xr-x 1 DELL 197121       0 Apr  3 20:59  TURBOC3/
-rwxr-xr-x 1 DELL 197121    1880 Mar  2 10:13 'uTorrent Web.lnk'*
-rwxr-xr-x 1 DELL 197121     918 Jul  5  2017 'VLC media player.lnk'*
-rwxr-xr-x 1 DELL 197121    1263 Dec 26  2017 'VMware Workstation 12 Player.lnk'*
drwxr-xr-x 1 DELL 197121       0 Apr  4 07:14  WinRoot/
drwxr-xr-x 1 DELL 197121       0 Mar  9 09:41  xampp/

DELL@DESKTOP-SFE32TQ MINGW64 /f
$ cd New/

DELL@DESKTOP-SFE32TQ MINGW64 /f/New
$ ll
total 0

DELL@DESKTOP-SFE32TQ MINGW64 /f/New
$ git init
Initialized empty Git repository in F:/New/.git/

DELL@DESKTOP-SFE32TQ MINGW64 /f/New (master)
$ touch test.py

DELL@DESKTOP-SFE32TQ MINGW64 /f/New (master)
$ ll
total 0
-rw-r--r-- 1 DELL 197121 0 Apr 16 17:49 test.py

DELL@DESKTOP-SFE32TQ MINGW64 /f/New (master)
$ nano test.py

DELL@DESKTOP-SFE32TQ MINGW64 /f/New (master)
$ ll
total 1
-rw-r--r-- 1 DELL 197121 12 Apr 16 17:50 test.py

DELL@DESKTOP-SFE32TQ MINGW64 /f/New (master)
$ git status
On branch master

No commits yet

Untracked files:
  (use "git add <file>..." to include in what will be committed)

        test.py

nothing added to commit but untracked files present (use "git add" to track)

DELL@DESKTOP-SFE32TQ MINGW64 /f/New (master)
$ git add test.py
warning: LF will be replaced by CRLF in test.py.
The file will have its original line endings in your working directory

DELL@DESKTOP-SFE32TQ MINGW64 /f/New (master)
$ git add test.py

DELL@DESKTOP-SFE32TQ MINGW64 /f/New (master)
$ git commit -m "new"
[master (root-commit) dbd8d77] new
 1 file changed, 1 insertion(+)
 create mode 100644 test.py

DELL@DESKTOP-SFE32TQ MINGW64 /f/New (master)
$ git remote add origin https://github.com/anamkhan603/New

DELL@DESKTOP-SFE32TQ MINGW64 /f/New (master)
$ git remote add origin https://github.com/anamkhan603/New
fatal: remote origin already exists.

DELL@DESKTOP-SFE32TQ MINGW64 /f/New (master)
$ git remote -v
origin  https://github.com/anamkhan603/New (fetch)
origin  https://github.com/anamkhan603/New (push)

DELL@DESKTOP-SFE32TQ MINGW64 /f/New (master)
$ git push origin master
remote: Repository not found.
fatal: repository 'https://github.com/anamkhan603/New/' not found

DELL@DESKTOP-SFE32TQ MINGW64 /f/New (master)
$
